cargo :     Finished `test` profile [unoptimized + debuginfo] target(s) in 0.02s
所在位置 行:1 字符: 225
+ ... i-framework"; cargo test -p di-example > test_output.txt 2>&1; Get-Co ...
+                   ~~~~~~~~~~~~~~~~~~~~~~~~~~~~~~~~~~~~~~~~~~~~~~~
    + CategoryInfo          : NotSpecified: (    Finished `t...get(s) in 0.02s:String) [], RemoteException
    + FullyQualifiedErrorId : NativeCommandError
 
     Running unittests src\main.rs (target\debug\deps\di_example-24382d0d26c8f5ef.exe)

running 5 tests
test tests::test_app_config_inject ... ok
test tests::test_inject_custom_values ... ok
test tests::test_prototype_independent ... ok
test tests::test_registry ... ok
test tests::test_singleton_shared ... ok

test result: ok. 5 passed; 0 failed; 0 ignored; 0 measured; 0 filtered out; finished in 0.00s

